[BEGIN] 2020/12/5 19:52:39
[root@iztggh9oymm8slz ~]# gcc pid.c -o pid
gcc: error: pid.c: No such file or directory
gcc: fatal error: no input files
compilation terminated.
[root@iztggh9oymm8slz ~]# cd /tmp
[root@iztggh9oymm8slz tmp]# ls
hello  hello.c  pid2.c  pid.c
[root@iztggh9oymm8slz tmp]# gcc pid.c -o pid
[root@iztggh9oymm8slz tmp]# ./pid
a[root@iztggh9oymm8slz tmp]# cb
[root@iztggh9oymm8slz tmp]# ./pid
a[root@iztggh9oymm8slz tmp]# bc
[root@iztggh9oymm8slz tmp]# gcc pid2.c -o pid2
[root@iztggh9oymm8slz tmp]# ./pid2
parent  0
parent  1
parent  2
parent  3
parent  4
parent  5
parent  6
parent  7
parent  8
parent  9
[root@iztggh9oymm8slz tmp]# daughter  0
daughter  1
daughter  2
daughter  3
daughter  4
daughter  5
daughter  6
daughter  7
daughter  8
daughter  9
son  0
son  1
son  2
son  3
son  4
son  5
son  6
son  7
son  8
son  9

[root@iztggh9oymm8slz tmp]# ./pid2
parent  0
parent  1
parent  2
parent  3
parent  4
parent  5
parent  6
parent  7
parent  8
parent  9
[root@iztggh9oymm8slz tmp]# daughter  0
daughter  1
daughter  2
daughter  3
daughter  4
daughter  5
daughter  6
daughter  7
daughter  8
daughter  9
son  0
son  1
son  2
son  3
son  4
son  5
son  6
son  7
son  8
son  9

[root@iztggh9oymm8slz tmp]# 
[root@iztggh9oymm8slz tmp]# ./pid2
parent  0
parent  1
parent  2
parent  3
parent  4
parent  5
parent  6
parent  7
parent  8
parent  9
[root@iztggh9oymm8slz tmp]# daughter  0
daughter  1
daughter  2
daughter  3
daughter  4
daughter  5
daughter  6
daughter  7
daughter  8
daughter  9
son  0
son  1
son  2
son  3
son  4
son  5
son  6
son  7
son  8
son  9

[root@iztggh9oymm8slz tmp]# ls
2-1.c  hello  hello.c  pid  pid2  pid2.c  pid.c
[root@iztggh9oymm8slz tmp]# gcc 2-1.c -o 2-1
2-1.c: In function ¡®main¡¯:
2-1.c:11:24: warning: incompatible implicit declaration of built-in function ¡®exi¡¯ [enabled by default]
                        exit(1);
                        ^
[root@iztggh9oymm8slz tmp]# gcc 2-1.c -o 2-1
2-1.c: In function ¡®main¡¯:
2-1.c:11:24: warning: incompatible implicit declaration of built-in function ¡®exi¡¯ [enabled by default]
                        exit(1);
                        ^
[root@iztggh9oymm8slz tmp]# gcc 2-1.c -o 2-1
2-1.c: In function ¡®main¡¯:
2-1.c:11:1: warning: incompatible implicit declaration of built-in function ¡®exit¡¯ [enabled by default]
 exit(1);
 ^
[root@iztggh9oymm8slz tmp]# ./2-1
total 64
-rw-r--r-- 1 root  258 Dec  5 19:38 pid.c
-rw-r--r-- 1 root  436 Dec  5 19:48 pid2.c
-rwxr-xr-x 1 root 8568 Dec  5 19:53 pid2
-rwxr-xr-x 1 root 8568 Dec  5 19:53 pid
-rw-r--r-- 1 root   72 Dec  5 19:35 hello.c
-rwxr-xr-x 1 root 8512 Dec  5 19:35 hello
-rw-r--r-- 1 root  705 Dec  5 20:12 2-1.c
-rwxr-xr-x 1 root 8712 Dec  5 20:12 2-1
ls completed !

[END] 2020/12/5 20:15:29
